// Jest Snapshot v1, https://goo.gl/fbAQLP

exports[`renders App component 1`] = `
<DocumentFragment>
  <div
    class="App"
  >
    <nav
      class="navbar navbar-expand-lg navbar-light bg-light"
    >
      <div
        class="container"
      >
        <a
          class="navbar-brand"
          href="#home"
        >
          iTunes Search
        </a>
        <button
          aria-controls="basic-navbar-nav"
          aria-label="Toggle navigation"
          class="navbar-toggler collapsed"
          type="button"
        >
          <span
            class="navbar-toggler-icon"
          />
        </button>
        <div
          class="navbar-collapse collapse"
          id="basic-navbar-nav"
        >
          <div
            class="me-auto navbar-nav"
          >
            <a
              class="nav-link"
              href="/"
            >
              Search
            </a>
            <a
              class="nav-link"
              href="/favourites"
            >
              Favourites
            </a>
          </div>
        </div>
      </div>
    </nav>
    <div
      class="container"
    >
      <form
        class=""
      >
        <div>
          <input
            class="form-control"
            id="search"
            placeholder="Search"
            type="text"
            value=""
          />
        </div>
        <div>
          <label
            class="form-label"
            for="type"
          >
            Search Type:
          </label>
          <select
            class="form-control"
            id="type"
          >
            <option
              value="all"
            >
              All
            </option>
            <option
              value="movie"
            >
              Movies
            </option>
            <option
              value="podcast"
            >
              Podcasts
            </option>
            <option
              value="song"
            >
              Music
            </option>
            <option
              value="audiobook"
            >
              Audiobooks
            </option>
            <option
              value="shortFilm"
            >
              Short Films
            </option>
            <option
              value="tvEpisode"
            >
              TV Shows
            </option>
            <option
              value="software"
            >
              Software
            </option>
            <option
              value="ebook"
            >
              eBooks
            </option>
          </select>
        </div>
        <button
          class="btn btn-primary"
          type="submit"
        >
          Search
        </button>
      </form>
      <hr />
      <div
        class="row"
      />
    </div>
  </div>
</DocumentFragment>
`;
